// Jest Snapshot v1, https://goo.gl/fbAQLP

exports[`Governance is rendered 1`] = `
<div
  className="app"
>
  <h1>
    Hello World!
  </h1>
  <p>
    Foo to the barz
  </p>
  <img
    height="480"
  />
</div>
`;
